BioNetGen version 2.9.3
Reading from file /Users/faeder/Library/CloudStorage/OneDrive-UniversityofPittsburgh/Teaching/Python/2024/Class-2025/lrclass/2025_09_25__13_08_50/lrclass.bngl (level 0)
Read 2 parameters.
Read 2 species.
Read 3 observable(s).
Read 1 reaction rule(s).
ACTION: simulate( method=>"cvode" )
ACTION: generate_network( lrclass )
Iteration   0:     2 species      0 rxns  0.00e+00 CPU s
Iteration   1:     3 species      1 rxns  0.00e+00 CPU s
Iteration   2:     3 species      2 rxns  0.00e+00 CPU s
Cumulative CPU time for each rule
Rule   1:     2 reactions 0.00e+00 CPU s 0.00e+00 CPU s/rxn
Total   :     2 reactions 0.00e+00 CPU s 0.00e+00 CPU s/rxn
Wrote network in net format to ./lrclass.net.
TEND:10
Network simulation using cvode
WARNING: writeFile(): Overwriting existing file ./lrclass.net.
Wrote network in net format to ./lrclass.net.
Running run_network on Jamess-MacBook-Pro-5.local
full command: /Users/faeder/miniconda3/lib/python3.12/site-packages/bionetgen/bng-mac/bin/run_network -o ./lrclass -p cvode -a 1e-08 -r 1e-08 --cdat 1 --fdat 0 -g ./lrclass.net ./lrclass.net 0.01 1000
[simulation PID is: 57593]
run_network 3.0
Read 2 parameters from ./lrclass.net
Read 3 species from ./lrclass.net
Read 3 group(s) from ./lrclass.net
Read 0 function(s) from ./lrclass.net
Read 2 reaction(s) from ./lrclass.net
2 reaction(s) have nonzero rate
Initialization took 0.00 CPU seconds
Propagating with cvode using dense LU
Time course of concentrations written to file ./lrclass.cdat.
Time course of groups written to file ./lrclass.gdat.
Propagation took 0.00e+00 CPU seconds
Program times:  0.00 CPU s 0.00 clock s
Updating species concentrations from ./lrclass.cdat
CPU TIME: simulate 0.00 s.
Finished processing file /Users/faeder/Library/CloudStorage/OneDrive-UniversityofPittsburgh/Teaching/Python/2024/Class-2025/lrclass/2025_09_25__13_08_50/lrclass.bngl.
CPU TIME: total 0.01 s.